// Jest Snapshot v1, https://goo.gl/fbAQLP

exports[`AccordionPanelGroup AccordionPanelGroup, multiselectable gives panels a panelIndex 1`] = `null`;

exports[`AccordionPanelGroup AccordionPanelGroup, multiselectable renders panels from array 1`] = `undefined`;
