// Jest Snapshot v1, https://goo.gl/fbAQLP

exports[`redux-form NumberInput renders a NumberInput component with expected attributes from mock data 1`] = `
<WithErrorList(NumberInput)
  error={null}
  label="Number of internets"
  name="internets"
  value={10}
/>
`;
