// Jest Snapshot v1, https://goo.gl/fbAQLP

exports[`Default Hscroll exists 1`] = `
<div
  className="hscrollContainer hscrollGradient--hidden"
  onScroll={[Function]}
>
  <div
    className="hscroll"
  >
    <div
      className="hscroll-content"
    >
      <div
        key="0"
      >
        item
      </div>
      <div
        key="1"
      >
        item
      </div>
      <div
        key="2"
      >
        item
      </div>
      <div
        key="3"
      >
        item
      </div>
      <div
        key="4"
      >
        item
      </div>
      <div
        key="5"
      >
        item
      </div>
      <div
        key="6"
      >
        item
      </div>
      <div
        key="7"
      >
        item
      </div>
      <div
        key="8"
      >
        item
      </div>
    </div>
  </div>
</div>
`;
