// Jest Snapshot v1, https://goo.gl/fbAQLP

exports[`TextInput renders a required HTML <input> with expected attributes for mock data 1`] = `
<div>
  <label
    htmlFor="superhero"
  >
    Super Hero
    <span>
       
      *
    </span>
  </label>
  <div
    data-swarm-select-wrapper="1"
  >
    <TextInput
      id="superhero"
      name="superhero"
      onChange={[Function]}
      onInvalid={[Function]}
      required={true}
      value="Batman"
    />
  </div>
</div>
`;
