// Jest Snapshot v1, https://goo.gl/fbAQLP

exports[`ToggleSwitch basic renders checked toggle switch 1`] = `
<ToggleWrapper
  isActive={false}
>
  <Component />
</ToggleWrapper>
`;

exports[`ToggleSwitch basic renders inactive toggle switch 1`] = `
<ToggleWrapper
  isActive={false}
>
  <Component />
</ToggleWrapper>
`;
